// Bun Snapshot v1, https://bun.sh/docs/test/snapshots

exports[`PlanFooter snapshots snapshot: update available 1`] = `"                                                          \x1B[38;2;142;142;142mUpdate available! Run: \x1B[1mplanderson upgrade\x1B[22m\x1B[39m"`;

exports[`PlanFooter snapshots snapshot: upgraded version 1`] = `"                                                                                 \x1B[38;2;142;142;142mUpgraded to v9.9.9\x1B[39m"`;
